[    0.000000] Linux version 4.15.0-139-generic (buildd@lgw01-amd64-035) (gcc version 7.5.0 (Ubuntu 7.5.0-3ubuntu1~18.04)) #143-Ubuntu SMP Tue Mar 16 01:30:17 UTC 2021 (Ubuntu 4.15.0-139.143-generic 4.15.18)
[    0.000000] Command line: BOOT_IMAGE=/boot/vmlinuz-4.15.0-139-generic root=LABEL=cloudimg-rootfs ro console=tty1 console=ttyS0
[    0.000000] KERNEL supported cpus:
[    0.000000]   Intel GenuineIntel
[    0.000000]   AMD AuthenticAMD
[    0.000000]   Centaur CentaurHauls
[    0.000000] x86/fpu: Supporting XSAVE feature 0x001: 'x87 floating point registers'
[    0.000000] x86/fpu: Supporting XSAVE feature 0x002: 'SSE registers'
[    0.000000] x86/fpu: Supporting XSAVE feature 0x004: 'AVX registers'
[    0.000000] x86/fpu: xstate_offset[2]:  576, xstate_sizes[2]:  256
[    0.000000] x86/fpu: Enabled xstate features 0x7, context size is 832 bytes, using 'standard' format.
[    0.000000] e820: BIOS-provided physical RAM map:
[    0.000000] BIOS-e820: [mem 0x0000000000000000-0x000000000009fbff] usable
[    0.000000] BIOS-e820: [mem 0x000000000009fc00-0x000000000009ffff] reserved
[    0.000000] BIOS-e820: [mem 0x00000000000f0000-0x00000000000fffff] reserved
[    0.000000] BIOS-e820: [mem 0x0000000000100000-0x000000003ffeffff] usable
[    0.000000] BIOS-e820: [mem 0x000000003fff0000-0x000000003fffffff] ACPI data
[    0.000000] BIOS-e820: [mem 0x00000000fec00000-0x00000000fec00fff] reserved
[    0.000000] BIOS-e820: [mem 0x00000000fee00000-0x00000000fee00fff] reserved
[    0.000000] BIOS-e820: [mem 0x00000000fffc0000-0x00000000ffffffff] reserved
[    0.000000] NX (Execute Disable) protection: active
[    0.000000] SMBIOS 2.5 present.
[    0.000000] DMI: innotek GmbH VirtualBox/VirtualBox, BIOS VirtualBox 12/01/2006
[    0.000000] Hypervisor detected: KVM
[    0.000000] e820: last_pfn = 0x3fff0 max_arch_pfn = 0x400000000
[    0.000000] MTRR: Disabled
[    0.000000] x86/PAT: MTRRs disabled, skipping PAT initialization too.
[    0.000000] CPU MTRRs all blank - virtualized system.
[    0.000000] x86/PAT: Configuration [0-7]: WB  WT  UC- UC  WB  WT  UC- UC  
[    0.000000] found SMP MP-table at [mem 0x0009fff0-0x0009ffff]
[    0.000000] Scanning 1 areas for low memory corruption
[    0.000000] RAMDISK: [mem 0x35a63000-0x36d28fff]
[    0.000000] ACPI: Early table checksum verification disabled
[    0.000000] ACPI: RSDP 0x00000000000E0000 000024 (v02 VBOX  )
[    0.000000] ACPI: XSDT 0x000000003FFF0030 00003C (v01 VBOX   VBOXXSDT 00000001 ASL  00000061)
[    0.000000] ACPI: FACP 0x000000003FFF00F0 0000F4 (v04 VBOX   VBOXFACP 00000001 ASL  00000061)
[    0.000000] ACPI: DSDT 0x000000003FFF0470 002325 (v02 VBOX   VBOXBIOS 00000002 INTL 20190509)
[    0.000000] ACPI: FACS 0x000000003FFF0200 000040
[    0.000000] ACPI: FACS 0x000000003FFF0200 000040
[    0.000000] ACPI: APIC 0x000000003FFF0240 000054 (v02 VBOX   VBOXAPIC 00000001 ASL  00000061)
[    0.000000] ACPI: SSDT 0x000000003FFF02A0 0001CC (v01 VBOX   VBOXCPUT 00000002 INTL 20190509)
[    0.000000] No NUMA configuration found
[    0.000000] Faking a node at [mem 0x0000000000000000-0x000000003ffeffff]
[    0.000000] NODE_DATA(0) allocated [mem 0x3ffc5000-0x3ffeffff]
[    0.000000] kvm-clock: cpu 0, msr 0:3ff44001, primary cpu clock
[    0.000000] kvm-clock: Using msrs 4b564d01 and 4b564d00
[    0.000000] kvm-clock: using sched offset of 3572000561 cycles
[    0.000000] clocksource: kvm-clock: mask: 0xffffffffffffffff max_cycles: 0x1cd42e4dffb, max_idle_ns: 881590591483 ns
[    0.000000] Zone ranges:
[    0.000000]   DMA      [mem 0x0000000000001000-0x0000000000ffffff]
[    0.000000]   DMA32    [mem 0x0000000001000000-0x000000003ffeffff]
[    0.000000]   Normal   empty
[    0.000000]   Device   empty
[    0.000000] Movable zone start for each node
[    0.000000] Early memory node ranges
[    0.000000]   node   0: [mem 0x0000000000001000-0x000000000009efff]
[    0.000000]   node   0: [mem 0x0000000000100000-0x000000003ffeffff]
[    0.000000] Reserved but unavailable: 98 pages
[    0.000000] Initmem setup node 0 [mem 0x0000000000001000-0x000000003ffeffff]
[    0.000000] ACPI: PM-Timer IO Port: 0x4008
[    0.000000] IOAPIC[0]: apic_id 1, version 32, address 0xfec00000, GSI 0-23
[    0.000000] ACPI: INT_SRC_OVR (bus 0 bus_irq 0 global_irq 2 dfl dfl)
[    0.000000] ACPI: INT_SRC_OVR (bus 0 bus_irq 9 global_irq 9 low level)
[    0.000000] Using ACPI (MADT) for SMP configuration information
[    0.000000] smpboot: Allowing 1 CPUs, 0 hotplug CPUs
[    0.000000] PM: Registered nosave memory: [mem 0x00000000-0x00000fff]
[    0.000000] PM: Registered nosave memory: [mem 0x0009f000-0x0009ffff]
[    0.000000] PM: Registered nosave memory: [mem 0x000a0000-0x000effff]
[    0.000000] PM: Registered nosave memory: [mem 0x000f0000-0x000fffff]
[    0.000000] e820: [mem 0x40000000-0xfebfffff] available for PCI devices
[    0.000000] Booting paravirtualized kernel on KVM
[    0.000000] clocksource: refined-jiffies: mask: 0xffffffff max_cycles: 0xffffffff, max_idle_ns: 7645519600211568 ns
[    0.000000] random: get_random_bytes called from start_kernel+0x99/0x500 with crng_init=0
[    0.000000] setup_percpu: NR_CPUS:8192 nr_cpumask_bits:1 nr_cpu_ids:1 nr_node_ids:1
[    0.000000] percpu: Embedded 45 pages/cpu s147456 r8192 d28672 u2097152
[    0.000000] PV qspinlock hash table entries: 256 (order: 0, 4096 bytes)
[    0.000000] Built 1 zonelists, mobility grouping on.  Total pages: 257913
[    0.000000] Policy zone: DMA32
[    0.000000] Kernel command line: BOOT_IMAGE=/boot/vmlinuz-4.15.0-139-generic root=LABEL=cloudimg-rootfs ro console=tty1 console=ttyS0
[    0.000000] Memory: 983200K/1048120K available (12300K kernel code, 2483K rwdata, 4276K rodata, 2440K init, 2724K bss, 64920K reserved, 0K cma-reserved)
[    0.000000] SLUB: HWalign=64, Order=0-3, MinObjects=0, CPUs=1, Nodes=1
[    0.000000] Kernel/User page tables isolation: enabled
[    0.000000] ftrace: allocating 39429 entries in 155 pages
[    0.004000] Hierarchical RCU implementation.
[    0.004000] 	RCU restricting CPUs from NR_CPUS=8192 to nr_cpu_ids=1.
[    0.004000] 	Tasks RCU enabled.
[    0.004000] RCU: Adjusting geometry for rcu_fanout_leaf=16, nr_cpu_ids=1
[    0.004000] NR_IRQS: 524544, nr_irqs: 256, preallocated irqs: 16
[    0.004000] Console: colour VGA+ 80x25
[    0.004000] console [tty1] enabled
[    0.004000] console [ttyS0] enabled
[    0.004000] ACPI: Core revision 20170831
[    0.004000] ACPI: 2 ACPI AML tables successfully acquired and loaded
[    0.004000] APIC: Switch to symmetric I/O mode setup
[    0.004000] x2apic enabled
[    0.004000] Switched APIC routing to physical x2apic.
[    0.004000] ..TIMER: vector=0x30 apic1=0 pin1=2 apic2=-1 pin2=-1
[    0.004009] tsc: Detected 2799.982 MHz processor
[    0.004836] Calibrating delay loop (skipped) preset value.. 5599.96 BogoMIPS (lpj=11199928)
[    0.005285] pid_max: default: 32768 minimum: 301
[    0.006170] Security Framework initialized
[    0.008006] Yama: becoming mindful.
[    0.008558] AppArmor: AppArmor initialized
[    0.009888] Dentry cache hash table entries: 131072 (order: 8, 1048576 bytes)
[    0.010932] Inode-cache hash table entries: 65536 (order: 7, 524288 bytes)
[    0.012018] Mount-cache hash table entries: 2048 (order: 2, 16384 bytes)
[    0.012931] Mountpoint-cache hash table entries: 2048 (order: 2, 16384 bytes)
[    0.014408] process: using mwait in idle threads
[    0.015226] Last level iTLB entries: 4KB 1024, 2MB 1024, 4MB 1024
[    0.016003] Last level dTLB entries: 4KB 1024, 2MB 1024, 4MB 1024, 1GB 4
[    0.017149] Spectre V1 : Mitigation: usercopy/swapgs barriers and __user pointer sanitization
[    0.018577] Spectre V2 : Mitigation: Full generic retpoline
[    0.020035] Spectre V2 : Spectre v2 / SpectreRSB mitigation: Filling RSB on context switch
[    0.021658] Speculative Store Bypass: Vulnerable
[    0.022489] SRBDS: Unknown: Dependent on hypervisor status
[    0.024004] MDS: Mitigation: Clear CPU buffers
[    0.040726] Freeing SMP alternatives memory: 36K
[    0.152182] smpboot: CPU0: Intel(R) Core(TM) i7-4558U CPU @ 2.80GHz (family: 0x6, model: 0x45, stepping: 0x1)
[    0.153963] Performance Events: unsupported p6 CPU model 69 no PMU driver, software events only.
[    0.155479] Hierarchical SRCU implementation.
[    0.156179] NMI watchdog: Perf event create on CPU 0 failed with -2
[    0.157242] NMI watchdog: Perf NMI watchdog permanently disabled
[    0.158271] smp: Bringing up secondary CPUs ...
[    0.159054] smp: Brought up 1 node, 1 CPU
[    0.160002] smpboot: Max logical packages: 1
[    0.160740] smpboot: Total of 1 processors activated (5599.96 BogoMIPS)
[    0.161978] devtmpfs: initialized
[    0.162630] x86/mm: Memory block size: 128MB
[    0.163493] evm: security.selinux
[    0.164008] evm: security.SMACK64
[    0.164605] evm: security.SMACK64EXEC
[    0.165291] evm: security.SMACK64TRANSMUTE
[    0.166226] evm: security.SMACK64MMAP
[    0.166873] evm: security.apparmor
[    0.168004] evm: security.ima
[    0.168548] evm: security.capability
[    0.169340] clocksource: jiffies: mask: 0xffffffff max_cycles: 0xffffffff, max_idle_ns: 7645041785100000 ns
[    0.171044] futex hash table entries: 256 (order: 2, 16384 bytes)
[    0.172052] pinctrl core: initialized pinctrl subsystem
[    0.173108] RTC time: 14:43:17, date: 03/24/21
[    0.174473] NET: Registered protocol family 16
[    0.175330] audit: initializing netlink subsys (disabled)
[    0.176142] cpuidle: using governor ladder
[    0.176883] cpuidle: using governor menu
[    0.177625] ACPI: bus type PCI registered
[    0.178346] acpiphp: ACPI Hot Plug PCI Controller Driver version: 0.5
[    0.180006] audit: type=2000 audit(1616597002.533:1): state=initialized audit_enabled=0 res=1
[    0.181571] PCI: Using configuration type 1 for base access
[    0.183447] HugeTLB registered 2.00 MiB page size, pre-allocated 0 pages
[    0.184726] ACPI: Added _OSI(Module Device)
[    0.185507] ACPI: Added _OSI(Processor Device)
[    0.186274] ACPI: Added _OSI(3.0 _SCP Extensions)
[    0.187200] ACPI: Added _OSI(Processor Aggregator Device)
[    0.188024] ACPI: Added _OSI(Linux-Dell-Video)
[    0.189262] ACPI: Added _OSI(Linux-Lenovo-NV-HDMI-Audio)
[    0.190346] ACPI: Added _OSI(Linux-HPI-Hybrid-Graphics)
[    0.192269] ACPI: Executed 1 blocks of module-level executable AML code
[    0.196697] ACPI: Interpreter enabled
[    0.197423] ACPI: (supports S0 S5)
[    0.198102] ACPI: Using IOAPIC for interrupt routing
[    0.199276] PCI: Using host bridge windows from ACPI; if necessary, use "pci=nocrs" and report a bug
[    0.200153] ACPI: Enabled 2 GPEs in block 00 to 07
[    0.207906] ACPI: PCI Root Bridge [PCI0] (domain 0000 [bus 00-ff])
[    0.208022] acpi PNP0A03:00: _OSC: OS supports [ASPM ClockPM Segments MSI]
[    0.212493] acpi PNP0A03:00: _OSC: not requesting OS control; OS requires [ExtendedConfig ASPM ClockPM MSI]
[    0.214238] acpi PNP0A03:00: fail to add MMCONFIG information, can't access extended PCI configuration space under this bridge.
[    0.216380] PCI host bridge to bus 0000:00
[    0.217120] pci_bus 0000:00: root bus resource [io  0x0000-0x0cf7 window]
[    0.218263] pci_bus 0000:00: root bus resource [io  0x0d00-0xffff window]
[    0.220006] pci_bus 0000:00: root bus resource [mem 0x000a0000-0x000bffff window]
[    0.221367] pci_bus 0000:00: root bus resource [mem 0x40000000-0xfdffffff window]
[    0.222661] pci_bus 0000:00: root bus resource [bus 00-ff]
[    0.225491] pci 0000:00:01.1: legacy IDE quirk: reg 0x10: [io  0x01f0-0x01f7]
[    0.226765] pci 0000:00:01.1: legacy IDE quirk: reg 0x14: [io  0x03f6]
[    0.228008] pci 0000:00:01.1: legacy IDE quirk: reg 0x18: [io  0x0170-0x0177]
[    0.229844] pci 0000:00:01.1: legacy IDE quirk: reg 0x1c: [io  0x0376]
[    0.245882] pci 0000:00:07.0: quirk: [io  0x4000-0x403f] claimed by PIIX4 ACPI
[    0.246983] pci 0000:00:07.0: quirk: [io  0x4100-0x410f] claimed by PIIX4 SMB
[    0.253299] ACPI: PCI Interrupt Link [LNKA] (IRQs 5 9 10 *11)
[    0.254990] ACPI: PCI Interrupt Link [LNKB] (IRQs 5 9 *10 11)
[    0.256178] ACPI: PCI Interrupt Link [LNKC] (IRQs 5 *9 10 11)
[    0.257468] ACPI: PCI Interrupt Link [LNKD] (IRQs 5 9 10 *11)
[    0.259057] SCSI subsystem initialized
[    0.260000] pci 0000:00:02.0: vgaarb: setting as boot VGA device
[    0.260000] pci 0000:00:02.0: vgaarb: VGA device added: decodes=io+mem,owns=io+mem,locks=none
[    0.260007] pci 0000:00:02.0: vgaarb: bridge control possible
[    0.261227] vgaarb: loaded
[    0.264049] ACPI: bus type USB registered
[    0.265027] usbcore: registered new interface driver usbfs
[    0.266330] usbcore: registered new interface driver hub
[    0.268017] usbcore: registered new device driver usb
[    0.269350] EDAC MC: Ver: 3.0.0
[    0.270641] PCI: Using ACPI for IRQ routing
[    0.272391] NetLabel: Initializing
[    0.273256] NetLabel:  domain hash size = 128
[    0.274306] NetLabel:  protocols = UNLABELED CIPSOv4 CALIPSO
[    0.276059] NetLabel:  unlabeled traffic allowed by default
[    0.277633] clocksource: Switched to clocksource kvm-clock
[    0.293109] VFS: Disk quotas dquot_6.6.0
[    0.294140] VFS: Dquot-cache hash table entries: 512 (order 0, 4096 bytes)
[    0.297538] AppArmor: AppArmor Filesystem Enabled
[    0.299287] pnp: PnP ACPI init
[    0.301606] pnp: PnP ACPI: found 3 devices
[    0.308616] clocksource: acpi_pm: mask: 0xffffff max_cycles: 0xffffff, max_idle_ns: 2085701024 ns
[    0.310506] NET: Registered protocol family 2
[    0.311600] TCP established hash table entries: 8192 (order: 4, 65536 bytes)
[    0.313000] TCP bind hash table entries: 8192 (order: 5, 131072 bytes)
[    0.314277] TCP: Hash tables configured (established 8192 bind 8192)
[    0.315538] UDP hash table entries: 512 (order: 2, 16384 bytes)
[    0.316722] UDP-Lite hash table entries: 512 (order: 2, 16384 bytes)
[    0.317969] NET: Registered protocol family 1
[    0.318975] pci 0000:00:00.0: Limiting direct PCI/PCI transfers
[    0.320512] pci 0000:00:01.0: Activating ISA DMA hang workarounds
[    0.321748] pci 0000:00:02.0: Video device with shadowed ROM at [mem 0x000c0000-0x000dffff]
[    0.324256] Unpacking initramfs...
[    0.582337] Freeing initrd memory: 19224K
[    0.590898] clocksource: tsc: mask: 0xffffffffffffffff max_cycles: 0x285c2fc857e, max_idle_ns: 440795218508 ns
[    0.592957] platform rtc_cmos: registered platform RTC device (no PNP device found)
[    0.594542] Scanning for low memory corruption every 60 seconds
[    0.596321] Initialise system trusted keyrings
[    0.597252] Key type blacklist registered
[    0.598120] workingset: timestamp_bits=36 max_order=18 bucket_order=0
[    0.601615] zbud: loaded
[    0.602834] squashfs: version 4.0 (2009/01/31) Phillip Lougher
[    0.604234] fuse init (API version 7.26)
[    0.606354] Key type asymmetric registered
[    0.607337] Asymmetric key parser 'x509' registered
[    0.608642] Block layer SCSI generic (bsg) driver version 0.4 loaded (major 246)
[    0.610360] io scheduler noop registered
[    0.611260] io scheduler deadline registered
[    0.612258] io scheduler cfq registered (default)
[    0.614209] ACPI: AC Adapter [AC] (on-line)
[    0.615680] input: Power Button as /devices/LNXSYSTM:00/LNXPWRBN:00/input/input0
[    0.617455] ACPI: Power Button [PWRF]
[    0.618387] input: Sleep Button as /devices/LNXSYSTM:00/LNXSLPBN:00/input/input1
[    0.619968] ACPI: Sleep Button [SLPF]
[    0.622231] ACPI: Battery Slot [BAT0] (battery present)
[    0.623697] Serial: 8250/16550 driver, 32 ports, IRQ sharing enabled
[    0.646139] 00:02: ttyS0 at I/O 0x3f8 (irq = 4, base_baud = 115200) is a 16550A
[    0.648500] Linux agpgart interface v0.103
[    0.650078] loop: module loaded
[    0.650992] scsi host0: ata_piix
[    0.651566] scsi host1: ata_piix
[    0.652719] ata1: PATA max UDMA/33 cmd 0x1f0 ctl 0x3f6 bmdma 0xd000 irq 14
[    0.654239] ata2: PATA max UDMA/33 cmd 0x170 ctl 0x376 bmdma 0xd008 irq 15
[    0.656674] libphy: Fixed MDIO Bus: probed
[    0.657255] tun: Universal TUN/TAP device driver, 1.6
[    0.658041] PPP generic driver version 2.4.2
[    0.658690] ehci_hcd: USB 2.0 'Enhanced' Host Controller (EHCI) Driver
[    0.659564] ehci-pci: EHCI PCI platform driver
[    0.660205] ehci-platform: EHCI generic platform driver
[    0.660957] ohci_hcd: USB 1.1 'Open' Host Controller (OHCI) Driver
[    0.661812] ohci-pci: OHCI PCI platform driver
[    0.663598] ohci-platform: OHCI generic platform driver
[    0.664937] uhci_hcd: USB Universal Host Controller Interface driver
[    0.666499] i8042: PNP: PS/2 Controller [PNP0303:PS2K,PNP0f03:PS2M] at 0x60,0x64 irq 1,12
[    0.668024] serio: i8042 KBD port at 0x60,0x64 irq 1
[    0.668781] serio: i8042 AUX port at 0x60,0x64 irq 12
[    0.669557] mousedev: PS/2 mouse device common for all mice
[    0.670769] input: AT Translated Set 2 keyboard as /devices/platform/i8042/serio0/input/input2
[    0.672999] rtc_cmos rtc_cmos: rtc core: registered rtc_cmos as rtc0
[    0.676585] rtc_cmos rtc_cmos: alarms up to one day, 114 bytes nvram
[    0.677465] i2c /dev entries driver
[    0.678087] device-mapper: uevent: version 1.0.3
[    0.678892] device-mapper: ioctl: 4.37.0-ioctl (2017-09-20) initialised: dm-devel@redhat.com
[    0.680047] ledtrig-cpu: registered to indicate activity on CPUs
[    0.681137] NET: Registered protocol family 10
[    0.684808] Segment Routing with IPv6
[    0.686067] NET: Registered protocol family 17
[    0.687027] Key type dns_resolver registered
[    0.687994] mce: Using 0 MCE banks
[    0.688729] RAS: Correctable Errors collector initialized.
[    0.689737] sched_clock: Marking stable (688695155, 0)->(843650774, -154955619)
[    0.691470] registered taskstats version 1
[    0.692279] Loading compiled-in X.509 certificates
[    0.697139] Loaded X.509 cert 'Build time autogenerated kernel key: 9b9955b80c271df2d4651fb935031a2c1666e8fa'
[    0.699445] zswap: loaded using pool lzo/zbud
[    0.704509] Key type big_key registered
[    0.705455] Key type trusted registered
[    0.708562] Key type encrypted registered
[    0.709628] AppArmor: AppArmor sha1 policy hashing enabled
[    0.712238] ima: No TPM chip found, activating TPM-bypass! (rc=-19)
[    0.714809] ima: Allocated hash algorithm: sha1
[    0.715863] evm: HMAC attrs: 0x1
[    0.717021]   Magic number: 13:952:738
[    0.717934] rtc_cmos rtc_cmos: setting system clock to 2021-03-24 14:43:18 UTC (1616596998)
[    0.722484] BIOS EDD facility v0.16 2004-Jun-25, 0 devices found
[    0.724642] EDD information not available.
[    0.841801] Freeing unused kernel image memory: 2440K
[    0.848069] Write protecting the kernel read-only data: 20480k
[    0.849626] Freeing unused kernel image memory: 2008K
[    0.850870] Freeing unused kernel image memory: 1868K
[    0.858991] x86/mm: Checked W+X mappings: passed, no W+X pages found.
[    0.860186] x86/mm: Checking user space page tables
[    0.867785] x86/mm: Checked W+X mappings: passed, no W+X pages found.
Loading, please wait...
starting version 237
[    0.962490] e1000: Intel(R) PRO/1000 Network Driver - version 7.3.21-k8-NAPI
[    0.963621] e1000: Copyright (c) 1999-2006 Intel Corporation.
[    0.966694] Fusion MPT base driver 3.04.20
[    0.967343] Copyright (c) 1999-2008 LSI Corporation
[    0.986017] Fusion MPT SPI Host driver 3.04.20
[    1.011820] AVX2 version of gcm_enc/dec engaged.
[    1.012721] AES CTR mode by8 optimization enabled
[    1.178071] input: ImExPS/2 Generic Explorer Mouse as /devices/platform/i8042/serio1/input/input4
[    1.369496] e1000 0000:00:03.0 eth0: (PCI:33MHz:32-bit) 02:45:97:fd:e2:17
[    1.370902] e1000 0000:00:03.0 eth0: Intel(R) PRO/1000 Network Connection
[    1.374272] e1000 0000:00:03.0 enp0s3: renamed from eth0
[    1.377147] mptbase: ioc0: Initiating bringup
[    1.472736] ioc0: LSI53C1030 A0: Capabilities={Initiator}
[    1.717988] scsi host2: ioc0: LSI53C1030 A0, FwRev=00000000h, Ports=1, MaxQ=256, IRQ=20
[    1.889294] scsi 2:0:0:0: Direct-Access     VBOX     HARDDISK         1.0  PQ: 0 ANSI: 5
[    1.891266] scsi target2:0:0: Beginning Domain Validation
[    1.893312] random: fast init done
[    1.894256] scsi target2:0:0: Domain Validation skipping write tests
[    1.895664] scsi target2:0:0: Ending Domain Validation
[    1.896914] scsi target2:0:0: asynchronous
[    1.898492] scsi 2:0:1:0: Direct-Access     VBOX     HARDDISK         1.0  PQ: 0 ANSI: 5
[    1.900015] scsi target2:0:1: Beginning Domain Validation
[    1.902074] scsi target2:0:1: Domain Validation skipping write tests
[    1.903442] scsi target2:0:1: Ending Domain Validation
[    1.904663] scsi target2:0:1: asynchronous
[    1.912667] random: systemd-udevd: uninitialized urandom read (16 bytes read)
[    1.913726] random: systemd-udevd: uninitialized urandom read (16 bytes read)
[    1.917682] sd 2:0:0:0: [sda] 83886080 512-byte logical blocks: (42.9 GB/40.0 GiB)
[    1.919420] sd 2:0:0:0: [sda] Write Protect is off
[    1.920752] sd 2:0:0:0: Attached scsi generic sg0 type 0
[    1.921851] sd 2:0:0:0: [sda] Incomplete mode parameter data
[    1.923859] sd 2:0:0:0: [sda] Assuming drive cache: write through
[    1.925640] sd 2:0:1:0: [sdb] 20480 512-byte logical blocks: (10.5 MB/10.0 MiB)
[    1.927161] sd 2:0:1:0: [sdb] Write Protect is off
[    1.928395] sd 2:0:1:0: [sdb] Incomplete mode parameter data
[    1.929563] sd 2:0:1:0: [sdb] Assuming drive cache: write through
[    1.931810] random: systemd-udevd: uninitialized urandom read (16 bytes read)
[    1.933166] sd 2:0:1:0: Attached scsi generic sg1 type 0
[    1.936779]  sda: sda1
[    1.938542] sd 2:0:0:0: [sda] Attached SCSI disk
[    1.940844] sd 2:0:1:0: [sdb] Attached SCSI disk
Begin: Loading essential drivers ... [    3.372444] raid6: sse2x1   gen() 10934 MB/s
[    3.436134] raid6: sse2x1   xor()  7077 MB/s
[    3.498319] raid6: sse2x2   gen() 13157 MB/s
[    3.564874] raid6: sse2x2   xor()  8658 MB/s
[    3.630387] raid6: sse2x4   gen() 15855 MB/s
[    3.690276] raid6: sse2x4   xor()  9912 MB/s
[    3.755600] raid6: avx2x1   gen() 22442 MB/s
[    3.820074] raid6: avx2x1   xor() 15499 MB/s
[    3.884781] raid6: avx2x2   gen() 25578 MB/s
[    3.950190] raid6: avx2x2   xor() 15513 MB/s
[    4.014714] raid6: avx2x4   gen() 29220 MB/s
[    4.073999] raid6: avx2x4   xor() 15027 MB/s
[    4.075015] raid6: using algorithm avx2x4 gen() 29220 MB/s
[    4.075949] raid6: .... xor() 15027 MB/s, rmw enabled
[    4.076958] raid6: using avx2x2 recovery algorithm
[    4.080051] xor: automatically using best checksumming function   avx       
[    4.084041] async_tx: api initialized (async)
done.
Begin: Running /scripts/init-premount ... done.
Begin: Mounting root file system ... Begin: Running /scripts/local-top ... done.
Begin: Running /scripts/local-premount ... [    4.150630] Btrfs loaded, crc32c=crc32c-intel
Scanning for Btrfs filesystems
done.
Warning: fsck not present, so skipping root file system
[    4.186029] EXT4-fs (sda1): mounted filesystem with ordered data mode. Opts: (null)
done.
Begin: Running /scripts/local-bottom ... done.
Begin: Running /scripts/init-bottom ... done.
[    4.391852] ip_tables: (C) 2000-2006 Netfilter Core Team
[    4.402340] systemd[1]: systemd 237 running in system mode. (+PAM +AUDIT +SELINUX +IMA +APPARMOR +SMACK +SYSVINIT +UTMP +LIBCRYPTSETUP +GCRYPT +GNUTLS +ACL +XZ +LZ4 +SECCOMP +BLKID +ELFUTILS +KMOD -IDN2 +IDN -PCRE2 default-hierarchy=hybrid)
[    4.410409] systemd[1]: Detected virtualization oracle.
[    4.411538] systemd[1]: Detected architecture x86-64.

Welcome to [1mUbuntu 18.04.5 LTS[0m!

[    4.416433] systemd[1]: Set hostname to <ubuntu>.
[    4.420572] systemd[1]: Initializing machine ID from random generator.
[    4.421522] systemd[1]: Installed transient /etc/machine-id file.
[    4.670087] systemd[1]: Started Forward Password Requests to Wall Directory Watch.
[[0;32m  OK  [0m] Started Forward Password Requests to Wall Directory Watch.
[    4.673580] systemd[1]: Reached target Swap.
[[0;32m  OK  [0m] Reached target Swap.
[    4.675545] systemd[1]: Reached target User and Group Name Lookups.
[[0;32m  OK  [0m] Reached target User and Group Name Lookups.
[    4.679173] systemd[1]: Created slice User and Session Slice.
[[0;32m  OK  [0m] Created slice User and Session Slice.
[[0;32m  OK  [0m] Reached target System Time Synchronized.
[[0;32m  OK  [0m] Set up automount Arbitrary Executabâ€¦rmats File System Automount Point.
[[0;32m  OK  [0m] Created slice System Slice.
[[0;32m  OK  [0m] Listening on LVM2 poll daemon socket.
[[0;32m  OK  [0m] Listening on Journal Socket.
         Mounting Kernel Debug File System...
         Mounting Huge Pages File System...
[[0;32m  OK  [0m] Listening on Device-mapper event daemon FIFOs.
[[0;32m  OK  [0m] Listening on fsck to fsckd communication Socket.
         Starting File System Check on Root Device...
         Starting Set the console keyboard layout...
[[0;32m  OK  [0m] Listening on udev Control Socket.
[[0;32m  OK  [0m] Created slice system-serial\x2dgetty.slice.
[[0;32m  OK  [0m] Listening on Syslog Socket.
[[0;32m  OK  [0m] Reached target Slices.
[[0;32m  OK  [0m] Listening on Journal Socket (/dev/log).
         Starting Uncomplicated firewall...
[[0;32m  OK  [0m] Listening on Journal Audit Socket.
         Starting Journal Service...
         Mounting POSIX Message Queue File System...
[[0;32m  OK  [0m] Listening on /dev/initctl Compatibility Named Pipe.
         Starting Load Kernel Modules...
[[0;32m  OK  [0m] Listening on LVM2 metadata daemon socket.
         Starting Monitoring of LVM2 mirrorsâ€¦ng dmeventd or progress polling...
[[0;32m  OK  [0m] Listening on Network Service Netlink Socket.
         Starting Create list of required stâ€¦ce nodes for the current kernel...
[[0;32m  OK  [0m] Listening on udev Kernel Socket.
         Starting udev Coldplug all Devices...
[[0;32m  OK  [0m] Started Journal Service.
[    4.822254] Loading iSCSI transport class v2.0-870.
[[0;32m  OK  [0m] Mounted Kernel Debug File System.
[[0;32m  OK  [0m] Mounted Huge Pages File System.
[[0;32m  OK  [0m] Started File System Check on Root Device.
[[0;32m  OK  [0m] Started Uncomplicated firewall.
[[0;32m  OK  [0m] Mounted POSIX Message Queue File System.
[[0;32m  OK  [0m] Started File System Check Daemon to report status.
         Starting Remount Root and Kernel File Systems...
[[0;32m  OK  [0m] Started LVM2 metadata daemon.
[[0;32m  OK  [0m] Started Create list of required staâ€¦vice nodes for the current kernel.
         Starting Create Static Device Nodes in /dev...
[    4.908047] iscsi: registered transport (tcp)
[[0;32m  OK  [0m] Started udev Coldplug all Devices.
[    5.020702] EXT4-fs (sda1): re-mounted. Opts: (null)
[[0;32m  OK  [0m] Started Remount Root and Kernel File Systems.
         Starting Flush Journal to Persistent Storage...
         Starting Load/Save Random Seed...
[[0;32m  OK  [0m] Started Create Static Device Nodes in /dev.
         Starting udev Kernel Device Manager...
[    5.048571] systemd-journald[395]: Received request to flush runtime journal from PID 1
[[0;32m  OK  [0m] Started Set the console keyboard layout.
[[0;32m  OK  [0m] Started Load/Save Random Seed.
[    5.072627] iscsi: registered transport (iser)
[[0;32m  OK  [0m] Started Load Kernel Modules.
         Mounting Kernel Configuration File System...
         Mounting FUSE Control File System...
         Starting Apply Kernel Variables...
[[0;32m  OK  [0m] Mounted Kernel Configuration File System.
[[0;32m  OK  [0m] Mounted FUSE Control File System.
[[0;32m  OK  [0m] Started udev Kernel Device Manager.
[[0;32m  OK  [0m] Started Dispatch Password Requests to Console Directory Watch.
[[0;32m  OK  [0m] Reached target Local Encrypted Volumes.
[[0;32m  OK  [0m] Started Monitoring of LVM2 mirrors,â€¦sing dmeventd or progress polling.
[[0;32m  OK  [0m] Reached target Local File Systems (Pre).
[[0;32m  OK  [0m] Reached target Local File Systems.
         Starting Commit a transient machine-id on disk...
         Starting AppArmor initialization...
         Starting Tell Plymouth To Write Out Runtime Data...
         Starting ebtables ruleset management...
         Starting Set console font and keymap...
[[0;32m  OK  [0m] Started Flush Journal to Persistent Storage.
         Starting Create Volatile Files and Directories...
[[0;32m  OK  [0m] Started Tell Plymouth To Write Out Runtime Data.
[[0;32m  OK  [0m] Started Set console font and keymap.
[[0;32m  OK  [0m] Started Apply Kernel Variables.
[[0;32m  OK  [0m] Started Commit a transient machine-id on disk.
[[0;32m  OK  [0m] Started Create Volatile Files and Directories.
         Starting Update UTMP about System Boot/Shutdown...
[[0;32m  OK  [0m] Started Update UTMP about System Boot/Shutdown.
[[0;32m  OK  [0m] Started ebtables ruleset management.
[[0;32m  OK  [0m] Found device /dev/ttyS0.
[[0;32m  OK  [0m] Listening on Load/Save RF Kill Switch Status /dev/rfkill Watch.
[[0;32m  OK  [0m] Started AppArmor initialization.
         Starting Initial cloud-init job (pre-networking)...
         Starting Load AppArmor profiles managed internally by snapd...
[[0;32m  OK  [0m] Started Load AppArmor profiles managed internally by snapd.
[    8.132801] cloud-init[551]: Cloud-init v. 20.4.1-0ubuntu1~18.04.1 running 'init-local' at Wed, 24 Mar 2021 14:43:25 +0000. Up 7.79 seconds.
[[0;32m  OK  [0m] Started Initial cloud-init job (pre-networking).
[[0;32m  OK  [0m] Reached target Network (Pre).
         Starting Network Service...
[[0;32m  OK  [0m] Started Network Service.
         Starting Network Name Resolution...
         Starting Wait for Network to be Configured...
[[0;32m  OK  [0m] Started Network Name Resolution.
[[0;32m  OK  [0m] Reached target Network.
[[0;32m  OK  [0m] Reached target Host and Network Name Lookups.
[[0;32m  OK  [0m] Started Wait for Network to be Configured.
         Starting Initial cloud-init job (metadata service crawler)...
[   10.554559] cloud-init[671]: Cloud-init v. 20.4.1-0ubuntu1~18.04.1 running 'init' at Wed, 24 Mar 2021 14:43:28 +0000. Up 10.31 seconds.
[   10.558304] cloud-init[671]: ci-info: ++++++++++++++++++++++++++++++++++++++Net device info++++++++++++++++++++++++++++++++++++++
[   10.564715] cloud-init[671]: ci-info: +--------+------+----------------------------+---------------+--------+-------------------+
[   10.568960] cloud-init[671]: ci-info: | Device |  Up  |          Address           |      Mask     | Scope  |     Hw-Address    |
[   10.572255] cloud-init[671]: ci-info: +--------+------+----------------------------+---------------+--------+-------------------+
[   10.574459] cloud-init[671]: ci-info: | enp0s3 | True |         10.0.2.15          | 255.255.255.0 | global | 02:45:97:fd:e2:17 |
[   10.577982] cloud-init[671]: ci-info: | enp0s3 | True | fe80::45:97ff:fefd:e217/64 |       .       |  link  | 02:45:97:fd:e2:17 |
[   10.587223] cloud-init[671]: ci-info: |   lo   | True |         127.0.0.1          |   255.0.0.0   |  host  |         .         |
[   10.590082] cloud-init[671]: ci-info: |   lo   | True |          ::1/128           |       .       |  host  |         .         |
[   10.593965] cloud-init[671]: ci-info: +--------+------+----------------------------+---------------+--------+-------------------+
[   10.597902] cloud-init[671]: ci-info: ++++++++++++++++++++++++++++Route IPv4 info+++++++++++++++++++++++++++++
[   10.600086] cloud-init[671]: ci-info: +-------+-------------+----------+-----------------+-----------+-------+
[   10.604009] cloud-init[671]: ci-info: | Route | Destination | Gateway  |     Genmask     | Interface | Flags |
[   10.608225] cloud-init[671]: ci-info: +-------+-------------+----------+-----------------+-----------+-------+
[   10.612233] cloud-init[671]: ci-info: |   0   |   0.0.0.0   | 10.0.2.2 |     0.0.0.0     |   enp0s3  |   UG  |
[   10.613513] cloud-init[671]: ci-info: |   1   |   10.0.2.0  | 0.0.0.0  |  255.255.255.0  |   enp0s3  |   U   |
[   10.617205] cloud-init[671]: ci-info: |   2   |   10.0.2.2  | 0.0.0.0  | 255.255.255.255 |   enp0s3  |   UH  |
[   10.619666] cloud-init[671]: ci-info: +-------+-------------+----------+-----------------+-----------+-------+
[   10.622040] cloud-init[671]: ci-info: +++++++++++++++++++Route IPv6 info+++++++++++++++++++
[   10.624246] cloud-init[671]: ci-info: +-------+-------------+---------+-----------+-------+
[   10.628259] cloud-init[671]: ci-info: | Route | Destination | Gateway | Interface | Flags |
[   10.629595] cloud-init[671]: ci-info: +-------+-------------+---------+-----------+-------+
[   10.631906] cloud-init[671]: ci-info: |   1   |  fe80::/64  |    ::   |   enp0s3  |   U   |
[   10.632989] cloud-init[671]: ci-info: |   3   |    local    |    ::   |   enp0s3  |   U   |
[   10.634704] cloud-init[671]: ci-info: |   4   |   ff00::/8  |    ::   |   enp0s3  |   U   |
[   10.636183] cloud-init[671]: ci-info: +-------+-------------+---------+-----------+-------+
[   11.225785] cloud-init[671]: Generating public/private rsa key pair.
[   11.226889] cloud-init[671]: Your identification has been saved in /etc/ssh/ssh_host_rsa_key.
[   11.228168] cloud-init[671]: Your public key has been saved in /etc/ssh/ssh_host_rsa_key.pub.
[   11.230258] cloud-init[671]: The key fingerprint is:
[   11.232188] cloud-init[671]: SHA256:XqR2JQhKUsxTh0iu8xI2ZciKyZCm8+q9ldB4Ubpp4ZU root@ubuntu-bionic
[   11.236157] cloud-init[671]: The key's randomart image is:
[   11.237115] cloud-init[671]: +---[RSA 2048]----+
[   11.255967] cloud-init[671]: |  .=+ooo.        |
[   11.256805] cloud-init[671]: | o ==.+o..       |
[   11.257666] cloud-init[671]: |o.o == E. o .    |
[   11.258522] cloud-init[671]: |*o ++ *  o o     |
[   11.259358] cloud-init[671]: |*.*o B  S o      |
[   11.260197] cloud-init[671]: | + =+ .o o       |
[   11.260960] cloud-init[671]: |  o .o  .        |
[   11.261742] cloud-init[671]: | ....            |
[   11.262609] cloud-init[671]: |o. o.            |
[   11.263398] cloud-init[671]: +----[SHA256]-----+
[   11.264156] cloud-init[671]: Generating public/private dsa key pair.
[   11.265102] cloud-init[671]: Your identification has been saved in /etc/ssh/ssh_host_dsa_key.
[   11.266336] cloud-init[671]: Your public key has been saved in /etc/ssh/ssh_host_dsa_key.pub.
[   11.267435] cloud-init[671]: The key fingerprint is:
[   11.268301] cloud-init[671]: SHA256:6IncLyoamve+Oqn7QE9xQU5rawHnQGBpzxh3bR+uaWs root@ubuntu-bionic
[   11.269476] cloud-init[671]: The key's randomart image is:
[   11.270422] cloud-init[671]: +---[DSA 1024]----+
[   11.271253] cloud-init[671]: | o++.=.          |
[   11.272044] cloud-init[671]: |.+ .B.oo .       |
[   11.272861] cloud-init[671]: |. *..B. o .      |
[   11.273603] cloud-init[671]: | . o+ o. o       |
[   11.276239] cloud-init[671]: | . . o. S        |
[   11.296563] cloud-init[671]: |. o..+ =         |
[   11.314924] cloud-init[671]: |o  oo = .        |
[   11.315660] cloud-init[671]: |.+=   .E         |
[   11.316563] cloud-init[671]: |**o*=o...        |
[   11.317398] cloud-init[671]: +----[SHA256]-----+
[   11.323569] cloud-init[671]: Generating public/private ecdsa key pair.
[   11.324553] cloud-init[671]: Your identification has been saved in /etc/ssh/ssh_host_ecdsa_key.
[   11.325483] cloud-init[671]: Your public key has been saved in /etc/ssh/ssh_host_ecdsa_key.pub.
[   11.326488] cloud-init[671]: The key fingerprint is:
[   11.327088] cloud-init[671]: SHA256:9fUzH4sfqV+4jmqpYS4HDkD0Sac4laFOoANuleXrkvs root@ubuntu-bionic
[   11.328123] cloud-init[671]: The key's randomart image is:
[[0;32m  OK  [0m] Started Initial cloud-init job (metadata service crawler).
[[0;32m  OK  [0m] Reached target Cloud-config availability.
[[0;32m  OK  [0m] Reached target Network is Online.
[   11.331760] cloud-init[671]: +---[ECDSA 256]---+
         Starting Availability of block devices...
[   11.333741] cloud-init[671]: |o...*+.          |
[[0;32m  OK  [0m] Reached target Remote File Systems (Pre).
[   11.334985] cloud-init[671]: |+.oBo+           |
[[0;32m  OK  [0m] Reached target Remote File Systems.[   11.336313] cloud-init[671]: |o+= +.    .   .  |
[   11.336864] cloud-init[671]: |.+..  .  . . . . |
[   11.337431] cloud-init[671]: |  .. .  S   .  +.|
[   11.338002] cloud-init[671]: |    + .       ..B|
[   11.338570] cloud-init[671]: |   o + .o  . ..+o|
[   11.339083] cloud-init[671]: |    o oo..o  .o.o|
[   11.339659] cloud-init[671]: |   ..E ooo...o+o |
[[0;32m  OK  [0m] Reached target System Initialization.
[[0;32m  OK  [0m] Started ACPI Events Check.
[[0;32m  OK  [0m] Listening on D-Bus System Message Bus Socket.
[[0;32m  OK  [0m] Reached target Paths.
[[0;32m  OK  [0m] Listening on Open-iSCSI iscsid Socket.
         Starting LXD - unix socket.
[[0;32m  OK  [0m] Listening on ACPID Listen Socket.
         Starting Socket activation for snappy daemon.
[
[   11.352891] cloud-init[671]: +----[SHA256]-----+
[0;32m  OK  [0m] Listening on UUID daemon activation socket.
[[0;32m  OK  [0m] Started Discard unused blocks once a week.
[[0;32m  OK  [0m] Started Daily Cleanup of Temporary Directories.
[[0;32m  OK  [0m] Started Daily apt download activities.
[[0;32m  OK  [0m] Started Daily apt upgrade and clean activities.
[[0;32m  OK  [0m] Started Message of the Day.
[[0;32m  OK  [0m] Reached target Timers.
[[0;32m  OK  [0m] Started Availability of block devices.
[[0;32m  OK  [0m] Listening on LXD - unix socket.
[[0;32m  OK  [0m] Listening on Socket activation for snappy daemon.
[   11.364434] cloud-init[671]: Generating public/private ed25519 key pair.
[[0;32m  OK  [0m] Reached target Sockets.
[   11.370269] cloud-init[671]: Your identification has been saved in /etc/ssh/ssh_host_ed25519_key.
[[0;32m  OK  [0m] Reached target Basic System.
[   11.374102]          Starting Pollinate to seed the pseudo random number generator...
cloud-init[671]: Your public key has been saved in /etc/ssh/ssh_host_ed25519_key.pub.
[   11.380372] cloud-init[671]: The key fingerprint is:
         Starting LSB: Record successful boot for GRUB...
         Starting Permit User Sessions...
         Starting System Logging Service...
[[0;32m  OK  [0m] Started Regular background program processing daemon.
         Starting Login Service...
[[0;32m  OK  [0m] Started D-Bus System Message Bus.
[   11.422952] cloud-init[671]: SHA256:G/Ud/0MwcmRhK+xvX2GurG8o3TxyQsdSwPIA0YtB/TM root@ubuntu-bionic
[   11.429243] cloud-init[671]: The key's randomart image is:
[   11.444800] cloud-init[671]: +--[ED25519 256]--+
[   11.486598] cloud-init[671]: |      .+= .  =.  |
[   11.495581] cloud-init[671]: |       . =.o+ .  |
[   11.501327] cloud-init[671]: |        o B+.=.  |
[   11.507559] cloud-init[671]: |       . o.E+ooo |
[   11.515371] cloud-init[671]: |        S  .* .+.|
[   11.523308] cloud-init[671]: |         o o.o+ o|
[   11.530951] cloud-init[671]: |        . o *o oo|
[   11.539692] cloud-init[671]: |         . =o*o o|
[   11.562441] cloud-init[671]: |          ..B+.. |
[   11.570484] cloud-init[671]: +----[SHA256]-----+
         Starting Dispatcher daemon for systemd-networkd...
[[0;32m  OK  [0m] Started irqbalance daemon.
         Starting LSB: automatic crash report generation...
[[0;32m  OK  [0m] Started Deferred execution scheduler.
[[0;32m  OK  [0m] Started FUSE filesystem for LXC.
         Starting LXD - container startup/shutdown...
         Starting Accounts Service...
         Starting Snap Daemon...
         Starting Virtualbox guest utils...
[[0;32m  OK  [0m] Started System Logging Service.
[[0;32m  OK  [0m] Started Permit User Sessions.
[[0;32m  OK  [0m] Started Login Service.
[[0;32m  OK  [0m] Started Unattended Upgrades Shutdown.
         Starting Terminate Plymouth Boot Screen...
         Starting Hold until boot process finishes up...
[[0;32m  OK  [0m] Started Hold until boot process finishes up.
         Starting Set console scheme...
[[0;32m  OK  [0m] Started Serial Getty on ttyS0.
[[0;32m  OK  [0m] Started Terminate Plymouth Boot Screen.
[[0;32m  OK  [0m] Started Set console scheme.
[[0;32m  OK  [0m] Created slice system-getty.slice.
[[0;32m  OK  [0m] Started Getty on tty1.
[[0;32m  OK  [0m] Reached target Login Prompts.
[[0;32m  OK  [0m] Started LSB: automatic crash report generation.
[[0;32m  OK  [0m] Started LSB: Record successful boot for GRUB.
         Starting Authorization Manager...
[[0;32m  OK  [0m] Started Authorization Manager.
[[0;32m  OK  [0m] Started Accounts Service.
[[0;32m  OK  [0m] Started LXD - container startup/shutdown.
[[0;32m  OK  [0m] Started Virtualbox guest utils.
[[0;32m  OK  [0m] Started Dispatcher daemon for systemd-networkd.
[[0;32m  OK  [0m] Started Snap Daemon.
         Starting Wait until snapd is fully seeded...
[[0;32m  OK  [0m] Started Pollinate to seed the pseudo random number generator.
         Starting OpenBSD Secure Shell server...
[[0;32m  OK  [0m] Started OpenBSD Secure Shell server.
[[0;32m  OK  [0m] Created slice User Slice of vagrant.
         Starting User Manager for UID 1000...
[[0;32m  OK  [0m] Started Session 1 of user vagrant.
[[0;32m  OK  [0m] Started Wait until snapd is fully seeded.
[[0;32m  OK  [0m] Reached target Multi-User System.
[[0;32m  OK  [0m] Reached target Graphical Interface.
         Starting Update UTMP about System Runlevel Changes...
         Starting Apply the settings specified in cloud-config...
[[0;32m  OK  [0m] Started Update UTMP about System Runlevel Changes.
[[0;32m  OK  [0m] Started User Manager for UID 1000.
[   16.952932] cloud-init[1079]: Cloud-init v. 20.4.1-0ubuntu1~18.04.1 running 'modules:config' at Wed, 24 Mar 2021 14:43:32 +0000. Up 14.98 seconds.
ci-info: no authorized SSH keys fingerprints found for user ubuntu.

Ubuntu 18.04.5 LTS ubuntu-bionic ttyS0

ubuntu-bionic login: <14>Mar 24 14:43:35 ec2: 
<14>Mar 24 14:43:35 ec2: #############################################################
<14>Mar 24 14:43:35 ec2: -----BEGIN SSH HOST KEY FINGERPRINTS-----
<14>Mar 24 14:43:35 ec2: 1024 SHA256:6IncLyoamve+Oqn7QE9xQU5rawHnQGBpzxh3bR+uaWs root@ubuntu-bionic (DSA)
<14>Mar 24 14:43:35 ec2: 256 SHA256:9fUzH4sfqV+4jmqpYS4HDkD0Sac4laFOoANuleXrkvs root@ubuntu-bionic (ECDSA)
<14>Mar 24 14:43:35 ec2: 256 SHA256:G/Ud/0MwcmRhK+xvX2GurG8o3TxyQsdSwPIA0YtB/TM root@ubuntu-bionic (ED25519)
<14>Mar 24 14:43:35 ec2: 2048 SHA256:XqR2JQhKUsxTh0iu8xI2ZciKyZCm8+q9ldB4Ubpp4ZU root@ubuntu-bionic (RSA)
<14>Mar 24 14:43:35 ec2: -----END SSH HOST KEY FINGERPRINTS-----
<14>Mar 24 14:43:35 ec2: #############################################################
-----BEGIN SSH HOST KEY KEYS-----
ecdsa-sha2-nistp256 AAAAE2VjZHNhLXNoYTItbmlzdHAyNTYAAAAIbmlzdHAyNTYAAABBBIxZQZ3XtbHP+dWRHIV90o5ahqXSkOrISyS9oOk/ZgFh1eZ6W28d8K+VDPprSlISGtkpAkOCaYIDQc0+jU/9lQo= root@ubuntu-bionic
ssh-ed25519 AAAAC3NzaC1lZDI1NTE5AAAAINDcCQFVFTbtVQbz8cajF5WBQOiS7fh2tLr0mYk00ga3 root@ubuntu-bionic
ssh-rsa AAAAB3NzaC1yc2EAAAADAQABAAABAQC3Qa9zGwBXcpmODdwagcy5rTveNF3EKd7eoAUqGtU6mNubrXbOJp91QiDgdUp3+4CrXzOojDlG8euD4nSm0zkAx1Y6sVZ5o2qDcTg/isoRMqzVDGP4XTmsMplxHkV5wtwqPiDOY792NpnEG+kBkeZqqt5ES9Hl2H/0hwplAtvNEYG7RK/Ky/pvqWryzVq5xsgXE5dPXT3EhtWULEuCPp310GEkPhSzX2KskJzdSw5LYZt1KXr6HZa6zPdPzL2KYdss7O3Wz7OXIHnTCkKyk1BRhxTYTmGTK0aV+xNZxp38p3N4e2hRDXUwavkvkMbuOBJJVmxZnkIFPKxTKPEzkH3n root@ubuntu-bionic
-----END SSH HOST KEY KEYS-----
[   18.099330] cloud-init[1177]: Cloud-init v. 20.4.1-0ubuntu1~18.04.1 running 'modules:final' at Wed, 24 Mar 2021 14:43:35 +0000. Up 17.76 seconds.
[   18.099957] cloud-init[1177]: ci-info: no authorized SSH keys fingerprints found for user ubuntu.
[   18.105054] cloud-init[1177]: Cloud-init v. 20.4.1-0ubuntu1~18.04.1 finished at Wed, 24 Mar 2021 14:43:35 +0000. Datasource DataSourceNoCloud [seed=/dev/sdb][dsmode=net].  Up 18.08 seconds
